INFO:  latexindent.pl version 3.19.1, 2022-12-04, a script to indent .tex files
       latexindent.pl lives here: /opt/homebrew/Cellar/latexindent/3.19.1/libexec/bin/
       Fri Dec 16 16:34:09 2022
       Filename: /Users/micuks/dev/mycode/oslab/oslab1_readers_and_writers_simulation/docs/content/5/__latexindent_temp_5.tex
INFO:  Processing switches:
       -y|--yaml: YAML settings specified via command line
       -c|--cruft: cruft directory
INFO:  Directory for backup files and /Users/micuks/dev/mycode/oslab/oslab1_readers_and_writers_simulation/docs//indent.log:
       /Users/micuks/dev/mycode/oslab/oslab1_readers_and_writers_simulation/docs/
INFO:  Perl modules are being loaded from the following directories:
       /opt/homebrew/opt/perl/lib/perl5/5.36/FindBin.pm
       /opt/homebrew/Cellar/latexindent/3.19.1/libexec/lib/perl5/YAML/Tiny.pm
       /opt/homebrew/opt/perl/lib/perl5/5.36/File/Copy.pm
       /opt/homebrew/opt/perl/lib/perl5/5.36/File/Basename.pm
       /opt/homebrew/opt/perl/lib/perl5/5.36/Getopt/Long.pm
       /opt/homebrew/Cellar/latexindent/3.19.1/libexec/lib/perl5/File/HomeDir.pm
INFO:  LatexIndent perl modules are being loaded from, for example:
       /opt/homebrew/Cellar/latexindent/3.19.1/libexec/lib/perl5/LatexIndent/Document.pm
INFO:  YAML settings read: defaultSettings.yaml
       Reading defaultSettings.yaml from /opt/homebrew/Cellar/latexindent/3.19.1/libexec/bin/defaultSettings.yaml
INFO:  YAML settings read: indentconfig.yaml or .indentconfig.yaml
       Home directory is /Users/micuks (didn't find either indentconfig.yaml or .indentconfig.yaml)
       To specify user settings you would put indentconfig.yaml here: /Users/micuks/indentconfig.yaml
       Alternatively, you can use the hidden file .indentconfig.yaml as: /Users/micuks/.indentconfig.yaml
INFO:  YAML settings read: -y switch
       YAML setting: defaultIndent:'    '
       single-quoted string found in -y switch: '    ', substitute to     
       Updating mainSettings with defaultIndent:     
INFO:  Phase 1: searching for objects
INFO:  Phase 2: finding surrounding indentation
INFO:  Phase 3: indenting objects
INFO:  Phase 4: final indentation check
INFO:  Output routine:
       Not outputting to file; see -w and -o switches for more options.
       --------------
INFO:  Please direct all communication/issues to:
        https://github.com/cmhughes/latexindent.pl
